data/vctk_dev/wav/p234/p234_063_mic2.wav
data/vctk_dev/wav/p234/p234_076_mic2.wav
data/vctk_dev/wav/p234/p234_089_mic2.wav
data/vctk_dev/wav/p234/p234_105_mic2.wav
data/vctk_dev/wav/p234/p234_109_mic2.wav
data/vctk_dev/wav/p234/p234_127_mic2.wav
data/vctk_dev/wav/p234/p234_141_mic2.wav
data/vctk_dev/wav/p234/p234_152_mic2.wav
data/vctk_dev/wav/p234/p234_155_mic2.wav
data/vctk_dev/wav/p234/p234_167_mic2.wav
data/vctk_dev/wav/p234/p234_236_mic2.wav
data/vctk_dev/wav/p234/p234_249_mic2.wav
data/vctk_dev/wav/p234/p234_266_mic2.wav
data/vctk_dev/wav/p234/p234_276_mic2.wav
data/vctk_dev/wav/p234/p234_297_mic2.wav
data/vctk_dev/wav/p234/p234_313_mic2.wav
data/vctk_dev/wav/p234/p234_329_mic2.wav
data/vctk_dev/wav/p234/p234_337_mic2.wav
data/vctk_dev/wav/p234/p234_338_mic2.wav
data/vctk_dev/wav/p234/p234_357_mic2.wav
data/vctk_dev/wav/p237/p237_034_mic2.wav
data/vctk_dev/wav/p237/p237_049_mic2.wav
data/vctk_dev/wav/p237/p237_067_mic2.wav
data/vctk_dev/wav/p237/p237_069_mic2.wav
data/vctk_dev/wav/p237/p237_071_mic2.wav
data/vctk_dev/wav/p237/p237_076_mic2.wav
data/vctk_dev/wav/p237/p237_086_mic2.wav
data/vctk_dev/wav/p237/p237_097_mic2.wav
data/vctk_dev/wav/p237/p237_117_mic2.wav
data/vctk_dev/wav/p237/p237_139_mic2.wav
data/vctk_dev/wav/p237/p237_143_mic2.wav
data/vctk_dev/wav/p237/p237_154_mic2.wav
data/vctk_dev/wav/p237/p237_159_mic2.wav
data/vctk_dev/wav/p237/p237_175_mic2.wav
data/vctk_dev/wav/p237/p237_210_mic2.wav
data/vctk_dev/wav/p237/p237_248_mic2.wav
data/vctk_dev/wav/p237/p237_258_mic2.wav
data/vctk_dev/wav/p237/p237_262_mic2.wav
data/vctk_dev/wav/p237/p237_263_mic2.wav
data/vctk_dev/wav/p237/p237_286_mic2.wav
data/vctk_dev/wav/p238/p238_042_mic2.wav
data/vctk_dev/wav/p238/p238_063_mic2.wav
data/vctk_dev/wav/p238/p238_136_mic2.wav
data/vctk_dev/wav/p238/p238_143_mic2.wav
data/vctk_dev/wav/p238/p238_149_mic2.wav
data/vctk_dev/wav/p238/p238_211_mic2.wav
data/vctk_dev/wav/p238/p238_218_mic2.wav
data/vctk_dev/wav/p238/p238_232_mic2.wav
data/vctk_dev/wav/p238/p238_242_mic2.wav
data/vctk_dev/wav/p238/p238_246_mic2.wav
data/vctk_dev/wav/p238/p238_258_mic2.wav
data/vctk_dev/wav/p238/p238_277_mic2.wav
data/vctk_dev/wav/p238/p238_292_mic2.wav
data/vctk_dev/wav/p238/p238_307_mic2.wav
data/vctk_dev/wav/p238/p238_309_mic2.wav
data/vctk_dev/wav/p238/p238_329_mic2.wav
data/vctk_dev/wav/p238/p238_331_mic2.wav
data/vctk_dev/wav/p238/p238_378_mic2.wav
data/vctk_dev/wav/p238/p238_397_mic2.wav
data/vctk_dev/wav/p238/p238_418_mic2.wav
data/vctk_dev/wav/p241/p241_062_mic2.wav
data/vctk_dev/wav/p241/p241_079_mic2.wav
data/vctk_dev/wav/p241/p241_085_mic2.wav
data/vctk_dev/wav/p241/p241_099_mic2.wav
data/vctk_dev/wav/p241/p241_129_mic2.wav
data/vctk_dev/wav/p241/p241_148_mic2.wav
data/vctk_dev/wav/p241/p241_151_mic2.wav
data/vctk_dev/wav/p241/p241_164_mic2.wav
data/vctk_dev/wav/p241/p241_208_mic2.wav
data/vctk_dev/wav/p241/p241_228_mic2.wav
data/vctk_dev/wav/p241/p241_244_mic2.wav
data/vctk_dev/wav/p241/p241_249_mic2.wav
data/vctk_dev/wav/p241/p241_264_mic2.wav
data/vctk_dev/wav/p241/p241_267_mic2.wav
data/vctk_dev/wav/p241/p241_271_mic2.wav
data/vctk_dev/wav/p241/p241_273_mic2.wav
data/vctk_dev/wav/p241/p241_320_mic2.wav
data/vctk_dev/wav/p241/p241_324_mic2.wav
data/vctk_dev/wav/p241/p241_357_mic2.wav
data/vctk_dev/wav/p241/p241_364_mic2.wav
data/vctk_dev/wav/p245/p245_027_mic2.wav
data/vctk_dev/wav/p245/p245_064_mic2.wav
data/vctk_dev/wav/p245/p245_089_mic2.wav
data/vctk_dev/wav/p245/p245_109_mic2.wav
data/vctk_dev/wav/p245/p245_118_mic2.wav
data/vctk_dev/wav/p245/p245_176_mic2.wav
data/vctk_dev/wav/p245/p245_222_mic2.wav
data/vctk_dev/wav/p245/p245_224_mic2.wav
data/vctk_dev/wav/p245/p245_225_mic2.wav
data/vctk_dev/wav/p245/p245_231_mic2.wav
data/vctk_dev/wav/p245/p245_233_mic2.wav
data/vctk_dev/wav/p245/p245_254_mic2.wav
data/vctk_dev/wav/p245/p245_278_mic2.wav
data/vctk_dev/wav/p245/p245_280_mic2.wav
data/vctk_dev/wav/p245/p245_297_mic2.wav
data/vctk_dev/wav/p245/p245_305_mic2.wav
data/vctk_dev/wav/p245/p245_313_mic2.wav
data/vctk_dev/wav/p245/p245_320_mic2.wav
data/vctk_dev/wav/p245/p245_329_mic2.wav
data/vctk_dev/wav/p245/p245_359_mic2.wav
data/vctk_dev/wav/p246/p246_028_mic2.wav
data/vctk_dev/wav/p246/p246_119_mic2.wav
data/vctk_dev/wav/p246/p246_142_mic2.wav
data/vctk_dev/wav/p246/p246_148_mic2.wav
data/vctk_dev/wav/p246/p246_169_mic2.wav
data/vctk_dev/wav/p246/p246_175_mic2.wav
data/vctk_dev/wav/p246/p246_204_mic2.wav
data/vctk_dev/wav/p246/p246_209_mic2.wav
data/vctk_dev/wav/p246/p246_210_mic2.wav
data/vctk_dev/wav/p246/p246_219_mic2.wav
data/vctk_dev/wav/p246/p246_226_mic2.wav
data/vctk_dev/wav/p246/p246_234_mic2.wav
data/vctk_dev/wav/p246/p246_235_mic2.wav
data/vctk_dev/wav/p246/p246_250_mic2.wav
data/vctk_dev/wav/p246/p246_256_mic2.wav
data/vctk_dev/wav/p246/p246_268_mic2.wav
data/vctk_dev/wav/p246/p246_274_mic2.wav
data/vctk_dev/wav/p246/p246_320_mic2.wav
data/vctk_dev/wav/p246/p246_347_mic2.wav
data/vctk_dev/wav/p246/p246_349_mic2.wav
data/vctk_dev/wav/p247/p247_028_mic2.wav
data/vctk_dev/wav/p247/p247_040_mic2.wav
data/vctk_dev/wav/p247/p247_070_mic2.wav
data/vctk_dev/wav/p247/p247_089_mic2.wav
data/vctk_dev/wav/p247/p247_135_mic2.wav
data/vctk_dev/wav/p247/p247_145_mic2.wav
data/vctk_dev/wav/p247/p247_148_mic2.wav
data/vctk_dev/wav/p247/p247_195_mic2.wav
data/vctk_dev/wav/p247/p247_202_mic2.wav
data/vctk_dev/wav/p247/p247_207_mic2.wav
data/vctk_dev/wav/p247/p247_234_mic2.wav
data/vctk_dev/wav/p247/p247_345_mic2.wav
data/vctk_dev/wav/p247/p247_360_mic2.wav
data/vctk_dev/wav/p247/p247_366_mic2.wav
data/vctk_dev/wav/p247/p247_370_mic2.wav
data/vctk_dev/wav/p247/p247_386_mic2.wav
data/vctk_dev/wav/p247/p247_415_mic2.wav
data/vctk_dev/wav/p247/p247_460_mic2.wav
data/vctk_dev/wav/p247/p247_461_mic2.wav
data/vctk_dev/wav/p247/p247_467_mic2.wav
data/vctk_dev/wav/p249/p249_032_mic2.wav
data/vctk_dev/wav/p249/p249_054_mic2.wav
data/vctk_dev/wav/p249/p249_065_mic2.wav
data/vctk_dev/wav/p249/p249_067_mic2.wav
data/vctk_dev/wav/p249/p249_080_mic2.wav
data/vctk_dev/wav/p249/p249_105_mic2.wav
data/vctk_dev/wav/p249/p249_111_mic2.wav
data/vctk_dev/wav/p249/p249_133_mic2.wav
data/vctk_dev/wav/p249/p249_146_mic2.wav
data/vctk_dev/wav/p249/p249_147_mic2.wav
data/vctk_dev/wav/p249/p249_156_mic2.wav
data/vctk_dev/wav/p249/p249_177_mic2.wav
data/vctk_dev/wav/p249/p249_190_mic2.wav
data/vctk_dev/wav/p249/p249_203_mic2.wav
data/vctk_dev/wav/p249/p249_219_mic2.wav
data/vctk_dev/wav/p249/p249_267_mic2.wav
data/vctk_dev/wav/p249/p249_272_mic2.wav
data/vctk_dev/wav/p249/p249_278_mic2.wav
data/vctk_dev/wav/p249/p249_328_mic2.wav
data/vctk_dev/wav/p249/p249_339_mic2.wav
data/vctk_dev/wav/p252/p252_028_mic2.wav
data/vctk_dev/wav/p252/p252_032_mic2.wav
data/vctk_dev/wav/p252/p252_040_mic2.wav
data/vctk_dev/wav/p252/p252_046_mic2.wav
data/vctk_dev/wav/p252/p252_076_mic2.wav
data/vctk_dev/wav/p252/p252_079_mic2.wav
data/vctk_dev/wav/p252/p252_086_mic2.wav
data/vctk_dev/wav/p252/p252_108_mic2.wav
data/vctk_dev/wav/p252/p252_109_mic2.wav
data/vctk_dev/wav/p252/p252_121_mic2.wav
data/vctk_dev/wav/p252/p252_127_mic2.wav
data/vctk_dev/wav/p252/p252_157_mic2.wav
data/vctk_dev/wav/p252/p252_174_mic2.wav
data/vctk_dev/wav/p252/p252_177_mic2.wav
data/vctk_dev/wav/p252/p252_183_mic2.wav
data/vctk_dev/wav/p252/p252_191_mic2.wav
data/vctk_dev/wav/p252/p252_274_mic2.wav
data/vctk_dev/wav/p252/p252_293_mic2.wav
data/vctk_dev/wav/p252/p252_338_mic2.wav
data/vctk_dev/wav/p252/p252_402_mic2.wav
data/vctk_dev/wav/p253/p253_080_mic2.wav
data/vctk_dev/wav/p253/p253_088_mic2.wav
data/vctk_dev/wav/p253/p253_113_mic2.wav
data/vctk_dev/wav/p253/p253_147_mic2.wav
data/vctk_dev/wav/p253/p253_149_mic2.wav
data/vctk_dev/wav/p253/p253_175_mic2.wav
data/vctk_dev/wav/p253/p253_179_mic2.wav
data/vctk_dev/wav/p253/p253_181_mic2.wav
data/vctk_dev/wav/p253/p253_182_mic2.wav
data/vctk_dev/wav/p253/p253_201_mic2.wav
data/vctk_dev/wav/p253/p253_208_mic2.wav
data/vctk_dev/wav/p253/p253_277_mic2.wav
data/vctk_dev/wav/p253/p253_279_mic2.wav
data/vctk_dev/wav/p253/p253_345_mic2.wav
data/vctk_dev/wav/p253/p253_349_mic2.wav
data/vctk_dev/wav/p253/p253_355_mic2.wav
data/vctk_dev/wav/p253/p253_356_mic2.wav
data/vctk_dev/wav/p253/p253_359_mic2.wav
data/vctk_dev/wav/p253/p253_381_mic2.wav
data/vctk_dev/wav/p253/p253_409_mic2.wav
data/vctk_dev/wav/p255/p255_034_mic2.wav
data/vctk_dev/wav/p255/p255_052_mic2.wav
data/vctk_dev/wav/p255/p255_059_mic2.wav
data/vctk_dev/wav/p255/p255_065_mic2.wav
data/vctk_dev/wav/p255/p255_069_mic2.wav
data/vctk_dev/wav/p255/p255_075_mic2.wav
data/vctk_dev/wav/p255/p255_113_mic2.wav
data/vctk_dev/wav/p255/p255_130_mic2.wav
data/vctk_dev/wav/p255/p255_132_mic2.wav
data/vctk_dev/wav/p255/p255_179_mic2.wav
data/vctk_dev/wav/p255/p255_207_mic2.wav
data/vctk_dev/wav/p255/p255_232_mic2.wav
data/vctk_dev/wav/p255/p255_240_mic2.wav
data/vctk_dev/wav/p255/p255_302_mic2.wav
data/vctk_dev/wav/p255/p255_315_mic2.wav
data/vctk_dev/wav/p255/p255_318_mic2.wav
data/vctk_dev/wav/p255/p255_341_mic2.wav
data/vctk_dev/wav/p255/p255_346_mic2.wav
data/vctk_dev/wav/p255/p255_366_mic2.wav
data/vctk_dev/wav/p255/p255_379_mic2.wav
data/vctk_dev/wav/p260/p260_042_mic2.wav
data/vctk_dev/wav/p260/p260_057_mic2.wav
data/vctk_dev/wav/p260/p260_063_mic2.wav
data/vctk_dev/wav/p260/p260_108_mic2.wav
data/vctk_dev/wav/p260/p260_119_mic2.wav
data/vctk_dev/wav/p260/p260_120_mic2.wav
data/vctk_dev/wav/p260/p260_163_mic2.wav
data/vctk_dev/wav/p260/p260_173_mic2.wav
data/vctk_dev/wav/p260/p260_208_mic2.wav
data/vctk_dev/wav/p260/p260_217_mic2.wav
data/vctk_dev/wav/p260/p260_233_mic2.wav
data/vctk_dev/wav/p260/p260_260_mic2.wav
data/vctk_dev/wav/p260/p260_265_mic2.wav
data/vctk_dev/wav/p260/p260_273_mic2.wav
data/vctk_dev/wav/p260/p260_282_mic2.wav
data/vctk_dev/wav/p260/p260_302_mic2.wav
data/vctk_dev/wav/p260/p260_306_mic2.wav
data/vctk_dev/wav/p260/p260_326_mic2.wav
data/vctk_dev/wav/p260/p260_333_mic2.wav
data/vctk_dev/wav/p260/p260_357_mic2.wav
data/vctk_dev/wav/p261/p261_043_mic2.wav
data/vctk_dev/wav/p261/p261_046_mic2.wav
data/vctk_dev/wav/p261/p261_068_mic2.wav
data/vctk_dev/wav/p261/p261_083_mic2.wav
data/vctk_dev/wav/p261/p261_085_mic2.wav
data/vctk_dev/wav/p261/p261_127_mic2.wav
data/vctk_dev/wav/p261/p261_165_mic2.wav
data/vctk_dev/wav/p261/p261_192_mic2.wav
data/vctk_dev/wav/p261/p261_200_mic2.wav
data/vctk_dev/wav/p261/p261_203_mic2.wav
data/vctk_dev/wav/p261/p261_213_mic2.wav
data/vctk_dev/wav/p261/p261_228_mic2.wav
data/vctk_dev/wav/p261/p261_262_mic2.wav
data/vctk_dev/wav/p261/p261_304_mic2.wav
data/vctk_dev/wav/p261/p261_348_mic2.wav
data/vctk_dev/wav/p261/p261_366_mic2.wav
data/vctk_dev/wav/p261/p261_380_mic2.wav
data/vctk_dev/wav/p261/p261_434_mic2.wav
data/vctk_dev/wav/p261/p261_449_mic2.wav
data/vctk_dev/wav/p261/p261_453_mic2.wav
data/vctk_dev/wav/p262/p262_029_mic2.wav
data/vctk_dev/wav/p262/p262_031_mic2.wav
data/vctk_dev/wav/p262/p262_034_mic2.wav
data/vctk_dev/wav/p262/p262_101_mic2.wav
data/vctk_dev/wav/p262/p262_115_mic2.wav
data/vctk_dev/wav/p262/p262_131_mic2.wav
data/vctk_dev/wav/p262/p262_134_mic2.wav
data/vctk_dev/wav/p262/p262_179_mic2.wav
data/vctk_dev/wav/p262/p262_181_mic2.wav
data/vctk_dev/wav/p262/p262_195_mic2.wav
data/vctk_dev/wav/p262/p262_223_mic2.wav
data/vctk_dev/wav/p262/p262_227_mic2.wav
data/vctk_dev/wav/p262/p262_241_mic2.wav
data/vctk_dev/wav/p262/p262_242_mic2.wav
data/vctk_dev/wav/p262/p262_279_mic2.wav
data/vctk_dev/wav/p262/p262_294_mic2.wav
data/vctk_dev/wav/p262/p262_341_mic2.wav
data/vctk_dev/wav/p262/p262_368_mic2.wav
data/vctk_dev/wav/p262/p262_369_mic2.wav
data/vctk_dev/wav/p262/p262_376_mic2.wav
data/vctk_dev/wav/p263/p263_080_mic2.wav
data/vctk_dev/wav/p263/p263_089_mic2.wav
data/vctk_dev/wav/p263/p263_103_mic2.wav
data/vctk_dev/wav/p263/p263_105_mic2.wav
data/vctk_dev/wav/p263/p263_106_mic2.wav
data/vctk_dev/wav/p263/p263_114_mic2.wav
data/vctk_dev/wav/p263/p263_115_mic2.wav
data/vctk_dev/wav/p263/p263_117_mic2.wav
data/vctk_dev/wav/p263/p263_130_mic2.wav
data/vctk_dev/wav/p263/p263_155_mic2.wav
data/vctk_dev/wav/p263/p263_174_mic2.wav
data/vctk_dev/wav/p263/p263_210_mic2.wav
data/vctk_dev/wav/p263/p263_254_mic2.wav
data/vctk_dev/wav/p263/p263_277_mic2.wav
data/vctk_dev/wav/p263/p263_312_mic2.wav
data/vctk_dev/wav/p263/p263_314_mic2.wav
data/vctk_dev/wav/p263/p263_386_mic2.wav
data/vctk_dev/wav/p263/p263_436_mic2.wav
data/vctk_dev/wav/p263/p263_440_mic2.wav
data/vctk_dev/wav/p263/p263_446_mic2.wav
data/vctk_dev/wav/p264/p264_061_mic2.wav
data/vctk_dev/wav/p264/p264_139_mic2.wav
data/vctk_dev/wav/p264/p264_187_mic2.wav
data/vctk_dev/wav/p264/p264_189_mic2.wav
data/vctk_dev/wav/p264/p264_228_mic2.wav
data/vctk_dev/wav/p264/p264_272_mic2.wav
data/vctk_dev/wav/p264/p264_322_mic2.wav
data/vctk_dev/wav/p264/p264_326_mic2.wav
data/vctk_dev/wav/p264/p264_330_mic2.wav
data/vctk_dev/wav/p264/p264_334_mic2.wav
data/vctk_dev/wav/p264/p264_335_mic2.wav
data/vctk_dev/wav/p264/p264_367_mic2.wav
data/vctk_dev/wav/p264/p264_397_mic2.wav
data/vctk_dev/wav/p264/p264_406_mic2.wav
data/vctk_dev/wav/p264/p264_407_mic2.wav
data/vctk_dev/wav/p264/p264_439_mic2.wav
data/vctk_dev/wav/p264/p264_449_mic2.wav
data/vctk_dev/wav/p264/p264_481_mic2.wav
data/vctk_dev/wav/p264/p264_484_mic2.wav
data/vctk_dev/wav/p264/p264_492_mic2.wav
data/vctk_dev/wav/p265/p265_034_mic2.wav
data/vctk_dev/wav/p265/p265_044_mic2.wav
data/vctk_dev/wav/p265/p265_051_mic2.wav
data/vctk_dev/wav/p265/p265_057_mic2.wav
data/vctk_dev/wav/p265/p265_060_mic2.wav
data/vctk_dev/wav/p265/p265_067_mic2.wav
data/vctk_dev/wav/p265/p265_081_mic2.wav
data/vctk_dev/wav/p265/p265_091_mic2.wav
data/vctk_dev/wav/p265/p265_092_mic2.wav
data/vctk_dev/wav/p265/p265_124_mic2.wav
data/vctk_dev/wav/p265/p265_196_mic2.wav
data/vctk_dev/wav/p265/p265_221_mic2.wav
data/vctk_dev/wav/p265/p265_225_mic2.wav
data/vctk_dev/wav/p265/p265_238_mic2.wav
data/vctk_dev/wav/p265/p265_247_mic2.wav
data/vctk_dev/wav/p265/p265_291_mic2.wav
data/vctk_dev/wav/p265/p265_299_mic2.wav
data/vctk_dev/wav/p265/p265_306_mic2.wav
data/vctk_dev/wav/p265/p265_324_mic2.wav
data/vctk_dev/wav/p265/p265_345_mic2.wav
data/vctk_dev/wav/p266/p266_034_mic2.wav
data/vctk_dev/wav/p266/p266_036_mic2.wav
data/vctk_dev/wav/p266/p266_037_mic2.wav
data/vctk_dev/wav/p266/p266_047_mic2.wav
data/vctk_dev/wav/p266/p266_057_mic2.wav
data/vctk_dev/wav/p266/p266_058_mic2.wav
data/vctk_dev/wav/p266/p266_114_mic2.wav
data/vctk_dev/wav/p266/p266_135_mic2.wav
data/vctk_dev/wav/p266/p266_143_mic2.wav
data/vctk_dev/wav/p266/p266_150_mic2.wav
data/vctk_dev/wav/p266/p266_178_mic2.wav
data/vctk_dev/wav/p266/p266_200_mic2.wav
data/vctk_dev/wav/p266/p266_264_mic2.wav
data/vctk_dev/wav/p266/p266_306_mic2.wav
data/vctk_dev/wav/p266/p266_310_mic2.wav
data/vctk_dev/wav/p266/p266_324_mic2.wav
data/vctk_dev/wav/p266/p266_325_mic2.wav
data/vctk_dev/wav/p266/p266_330_mic2.wav
data/vctk_dev/wav/p266/p266_346_mic2.wav
data/vctk_dev/wav/p266/p266_362_mic2.wav
data/vctk_dev/wav/p271/p271_066_mic2.wav
data/vctk_dev/wav/p271/p271_092_mic2.wav
data/vctk_dev/wav/p271/p271_103_mic2.wav
data/vctk_dev/wav/p271/p271_134_mic2.wav
data/vctk_dev/wav/p271/p271_156_mic2.wav
data/vctk_dev/wav/p271/p271_217_mic2.wav
data/vctk_dev/wav/p271/p271_227_mic2.wav
data/vctk_dev/wav/p271/p271_245_mic2.wav
data/vctk_dev/wav/p271/p271_262_mic2.wav
data/vctk_dev/wav/p271/p271_266_mic2.wav
data/vctk_dev/wav/p271/p271_311_mic2.wav
data/vctk_dev/wav/p271/p271_313_mic2.wav
data/vctk_dev/wav/p271/p271_362_mic2.wav
data/vctk_dev/wav/p271/p271_369_mic2.wav
data/vctk_dev/wav/p271/p271_379_mic2.wav
data/vctk_dev/wav/p271/p271_384_mic2.wav
data/vctk_dev/wav/p271/p271_391_mic2.wav
data/vctk_dev/wav/p271/p271_419_mic2.wav
data/vctk_dev/wav/p271/p271_435_mic2.wav
data/vctk_dev/wav/p271/p271_451_mic2.wav
data/vctk_dev/wav/p272/p272_039_mic2.wav
data/vctk_dev/wav/p272/p272_063_mic2.wav
data/vctk_dev/wav/p272/p272_067_mic2.wav
data/vctk_dev/wav/p272/p272_083_mic2.wav
data/vctk_dev/wav/p272/p272_086_mic2.wav
data/vctk_dev/wav/p272/p272_115_mic2.wav
data/vctk_dev/wav/p272/p272_119_mic2.wav
data/vctk_dev/wav/p272/p272_121_mic2.wav
data/vctk_dev/wav/p272/p272_161_mic2.wav
data/vctk_dev/wav/p272/p272_170_mic2.wav
data/vctk_dev/wav/p272/p272_191_mic2.wav
data/vctk_dev/wav/p272/p272_205_mic2.wav
data/vctk_dev/wav/p272/p272_206_mic2.wav
data/vctk_dev/wav/p272/p272_227_mic2.wav
data/vctk_dev/wav/p272/p272_245_mic2.wav
data/vctk_dev/wav/p272/p272_264_mic2.wav
data/vctk_dev/wav/p272/p272_276_mic2.wav
data/vctk_dev/wav/p272/p272_341_mic2.wav
data/vctk_dev/wav/p272/p272_363_mic2.wav
data/vctk_dev/wav/p272/p272_378_mic2.wav
data/vctk_dev/wav/p275/p275_040_mic2.wav
data/vctk_dev/wav/p275/p275_065_mic2.wav
data/vctk_dev/wav/p275/p275_071_mic2.wav
data/vctk_dev/wav/p275/p275_076_mic2.wav
data/vctk_dev/wav/p275/p275_100_mic2.wav
data/vctk_dev/wav/p275/p275_106_mic2.wav
data/vctk_dev/wav/p275/p275_110_mic2.wav
data/vctk_dev/wav/p275/p275_124_mic2.wav
data/vctk_dev/wav/p275/p275_195_mic2.wav
data/vctk_dev/wav/p275/p275_209_mic2.wav
data/vctk_dev/wav/p275/p275_235_mic2.wav
data/vctk_dev/wav/p275/p275_256_mic2.wav
data/vctk_dev/wav/p275/p275_263_mic2.wav
data/vctk_dev/wav/p275/p275_274_mic2.wav
data/vctk_dev/wav/p275/p275_293_mic2.wav
data/vctk_dev/wav/p275/p275_310_mic2.wav
data/vctk_dev/wav/p275/p275_337_mic2.wav
data/vctk_dev/wav/p275/p275_341_mic2.wav
data/vctk_dev/wav/p275/p275_385_mic2.wav
data/vctk_dev/wav/p275/p275_410_mic2.wav
data/vctk_dev/wav/p276/p276_031_mic2.wav
data/vctk_dev/wav/p276/p276_046_mic2.wav
data/vctk_dev/wav/p276/p276_049_mic2.wav
data/vctk_dev/wav/p276/p276_077_mic2.wav
data/vctk_dev/wav/p276/p276_113_mic2.wav
data/vctk_dev/wav/p276/p276_129_mic2.wav
data/vctk_dev/wav/p276/p276_130_mic2.wav
data/vctk_dev/wav/p276/p276_150_mic2.wav
data/vctk_dev/wav/p276/p276_192_mic2.wav
data/vctk_dev/wav/p276/p276_212_mic2.wav
data/vctk_dev/wav/p276/p276_255_mic2.wav
data/vctk_dev/wav/p276/p276_274_mic2.wav
data/vctk_dev/wav/p276/p276_295_mic2.wav
data/vctk_dev/wav/p276/p276_328_mic2.wav
data/vctk_dev/wav/p276/p276_357_mic2.wav
data/vctk_dev/wav/p276/p276_374_mic2.wav
data/vctk_dev/wav/p276/p276_388_mic2.wav
data/vctk_dev/wav/p276/p276_390_mic2.wav
data/vctk_dev/wav/p276/p276_404_mic2.wav
data/vctk_dev/wav/p276/p276_442_mic2.wav
data/vctk_dev/wav/p277/p277_040_mic2.wav
data/vctk_dev/wav/p277/p277_056_mic2.wav
data/vctk_dev/wav/p277/p277_080_mic2.wav
data/vctk_dev/wav/p277/p277_115_mic2.wav
data/vctk_dev/wav/p277/p277_135_mic2.wav
data/vctk_dev/wav/p277/p277_137_mic2.wav
data/vctk_dev/wav/p277/p277_199_mic2.wav
data/vctk_dev/wav/p277/p277_241_mic2.wav
data/vctk_dev/wav/p277/p277_242_mic2.wav
data/vctk_dev/wav/p277/p277_251_mic2.wav
data/vctk_dev/wav/p277/p277_270_mic2.wav
data/vctk_dev/wav/p277/p277_287_mic2.wav
data/vctk_dev/wav/p277/p277_304_mic2.wav
data/vctk_dev/wav/p277/p277_321_mic2.wav
data/vctk_dev/wav/p277/p277_325_mic2.wav
data/vctk_dev/wav/p277/p277_329_mic2.wav
data/vctk_dev/wav/p277/p277_374_mic2.wav
data/vctk_dev/wav/p277/p277_410_mic2.wav
data/vctk_dev/wav/p277/p277_415_mic2.wav
data/vctk_dev/wav/p277/p277_417_mic2.wav
data/vctk_dev/wav/p281/p281_065_mic2.wav
data/vctk_dev/wav/p281/p281_071_mic2.wav
data/vctk_dev/wav/p281/p281_077_mic2.wav
data/vctk_dev/wav/p281/p281_086_mic2.wav
data/vctk_dev/wav/p281/p281_096_mic2.wav
data/vctk_dev/wav/p281/p281_105_mic2.wav
data/vctk_dev/wav/p281/p281_108_mic2.wav
data/vctk_dev/wav/p281/p281_131_mic2.wav
data/vctk_dev/wav/p281/p281_134_mic2.wav
data/vctk_dev/wav/p281/p281_157_mic2.wav
data/vctk_dev/wav/p281/p281_183_mic2.wav
data/vctk_dev/wav/p281/p281_220_mic2.wav
data/vctk_dev/wav/p281/p281_296_mic2.wav
data/vctk_dev/wav/p281/p281_302_mic2.wav
data/vctk_dev/wav/p281/p281_315_mic2.wav
data/vctk_dev/wav/p281/p281_338_mic2.wav
data/vctk_dev/wav/p281/p281_358_mic2.wav
data/vctk_dev/wav/p281/p281_383_mic2.wav
data/vctk_dev/wav/p281/p281_421_mic2.wav
data/vctk_dev/wav/p281/p281_428_mic2.wav
data/vctk_dev/wav/p282/p282_031_mic2.wav
data/vctk_dev/wav/p282/p282_102_mic2.wav
data/vctk_dev/wav/p282/p282_132_mic2.wav
data/vctk_dev/wav/p282/p282_140_mic2.wav
data/vctk_dev/wav/p282/p282_146_mic2.wav
data/vctk_dev/wav/p282/p282_148_mic2.wav
data/vctk_dev/wav/p282/p282_164_mic2.wav
data/vctk_dev/wav/p282/p282_168_mic2.wav
data/vctk_dev/wav/p282/p282_191_mic2.wav
data/vctk_dev/wav/p282/p282_194_mic2.wav
data/vctk_dev/wav/p282/p282_235_mic2.wav
data/vctk_dev/wav/p282/p282_260_mic2.wav
data/vctk_dev/wav/p282/p282_268_mic2.wav
data/vctk_dev/wav/p282/p282_284_mic2.wav
data/vctk_dev/wav/p282/p282_303_mic2.wav
data/vctk_dev/wav/p282/p282_322_mic2.wav
data/vctk_dev/wav/p282/p282_324_mic2.wav
data/vctk_dev/wav/p282/p282_337_mic2.wav
data/vctk_dev/wav/p282/p282_365_mic2.wav
data/vctk_dev/wav/p282/p282_366_mic2.wav
data/vctk_dev/wav/p283/p283_032_mic2.wav
data/vctk_dev/wav/p283/p283_063_mic2.wav
data/vctk_dev/wav/p283/p283_087_mic2.wav
data/vctk_dev/wav/p283/p283_151_mic2.wav
data/vctk_dev/wav/p283/p283_156_mic2.wav
data/vctk_dev/wav/p283/p283_169_mic2.wav
data/vctk_dev/wav/p283/p283_180_mic2.wav
data/vctk_dev/wav/p283/p283_196_mic2.wav
data/vctk_dev/wav/p283/p283_221_mic2.wav
data/vctk_dev/wav/p283/p283_233_mic2.wav
data/vctk_dev/wav/p283/p283_243_mic2.wav
data/vctk_dev/wav/p283/p283_261_mic2.wav
data/vctk_dev/wav/p283/p283_268_mic2.wav
data/vctk_dev/wav/p283/p283_298_mic2.wav
data/vctk_dev/wav/p283/p283_306_mic2.wav
data/vctk_dev/wav/p283/p283_331_mic2.wav
data/vctk_dev/wav/p283/p283_363_mic2.wav
data/vctk_dev/wav/p283/p283_418_mic2.wav
data/vctk_dev/wav/p283/p283_467_mic2.wav
data/vctk_dev/wav/p283/p283_469_mic2.wav
data/vctk_dev/wav/p284/p284_030_mic2.wav
data/vctk_dev/wav/p284/p284_031_mic2.wav
data/vctk_dev/wav/p284/p284_039_mic2.wav
data/vctk_dev/wav/p284/p284_059_mic2.wav
data/vctk_dev/wav/p284/p284_084_mic2.wav
data/vctk_dev/wav/p284/p284_106_mic2.wav
data/vctk_dev/wav/p284/p284_148_mic2.wav
data/vctk_dev/wav/p284/p284_156_mic2.wav
data/vctk_dev/wav/p284/p284_162_mic2.wav
data/vctk_dev/wav/p284/p284_178_mic2.wav
data/vctk_dev/wav/p284/p284_232_mic2.wav
data/vctk_dev/wav/p284/p284_274_mic2.wav
data/vctk_dev/wav/p284/p284_280_mic2.wav
data/vctk_dev/wav/p284/p284_353_mic2.wav
data/vctk_dev/wav/p284/p284_364_mic2.wav
data/vctk_dev/wav/p284/p284_375_mic2.wav
data/vctk_dev/wav/p284/p284_378_mic2.wav
data/vctk_dev/wav/p284/p284_381_mic2.wav
data/vctk_dev/wav/p284/p284_394_mic2.wav
data/vctk_dev/wav/p284/p284_405_mic2.wav
data/vctk_dev/wav/p285/p285_028_mic2.wav
data/vctk_dev/wav/p285/p285_038_mic2.wav
data/vctk_dev/wav/p285/p285_044_mic2.wav
data/vctk_dev/wav/p285/p285_045_mic2.wav
data/vctk_dev/wav/p285/p285_069_mic2.wav
data/vctk_dev/wav/p285/p285_107_mic2.wav
data/vctk_dev/wav/p285/p285_122_mic2.wav
data/vctk_dev/wav/p285/p285_139_mic2.wav
data/vctk_dev/wav/p285/p285_181_mic2.wav
data/vctk_dev/wav/p285/p285_192_mic2.wav
data/vctk_dev/wav/p285/p285_195_mic2.wav
data/vctk_dev/wav/p285/p285_204_mic2.wav
data/vctk_dev/wav/p285/p285_254_mic2.wav
data/vctk_dev/wav/p285/p285_268_mic2.wav
data/vctk_dev/wav/p285/p285_270_mic2.wav
data/vctk_dev/wav/p285/p285_345_mic2.wav
data/vctk_dev/wav/p285/p285_356_mic2.wav
data/vctk_dev/wav/p285/p285_372_mic2.wav
data/vctk_dev/wav/p285/p285_386_mic2.wav
data/vctk_dev/wav/p285/p285_391_mic2.wav
data/vctk_dev/wav/p288/p288_037_mic2.wav
data/vctk_dev/wav/p288/p288_066_mic2.wav
data/vctk_dev/wav/p288/p288_081_mic2.wav
data/vctk_dev/wav/p288/p288_083_mic2.wav
data/vctk_dev/wav/p288/p288_109_mic2.wav
data/vctk_dev/wav/p288/p288_123_mic2.wav
data/vctk_dev/wav/p288/p288_139_mic2.wav
data/vctk_dev/wav/p288/p288_168_mic2.wav
data/vctk_dev/wav/p288/p288_183_mic2.wav
data/vctk_dev/wav/p288/p288_192_mic2.wav
data/vctk_dev/wav/p288/p288_207_mic2.wav
data/vctk_dev/wav/p288/p288_213_mic2.wav
data/vctk_dev/wav/p288/p288_323_mic2.wav
data/vctk_dev/wav/p288/p288_344_mic2.wav
data/vctk_dev/wav/p288/p288_347_mic2.wav
data/vctk_dev/wav/p288/p288_358_mic2.wav
data/vctk_dev/wav/p288/p288_365_mic2.wav
data/vctk_dev/wav/p288/p288_383_mic2.wav
data/vctk_dev/wav/p288/p288_390_mic2.wav
data/vctk_dev/wav/p288/p288_403_mic2.wav
data/vctk_dev/wav/p293/p293_033_mic2.wav
data/vctk_dev/wav/p293/p293_042_mic2.wav
data/vctk_dev/wav/p293/p293_082_mic2.wav
data/vctk_dev/wav/p293/p293_121_mic2.wav
data/vctk_dev/wav/p293/p293_122_mic2.wav
data/vctk_dev/wav/p293/p293_125_mic2.wav
data/vctk_dev/wav/p293/p293_134_mic2.wav
data/vctk_dev/wav/p293/p293_159_mic2.wav
data/vctk_dev/wav/p293/p293_176_mic2.wav
data/vctk_dev/wav/p293/p293_205_mic2.wav
data/vctk_dev/wav/p293/p293_210_mic2.wav
data/vctk_dev/wav/p293/p293_215_mic2.wav
data/vctk_dev/wav/p293/p293_296_mic2.wav
data/vctk_dev/wav/p293/p293_343_mic2.wav
data/vctk_dev/wav/p293/p293_354_mic2.wav
data/vctk_dev/wav/p293/p293_356_mic2.wav
data/vctk_dev/wav/p293/p293_367_mic2.wav
data/vctk_dev/wav/p293/p293_377_mic2.wav
data/vctk_dev/wav/p293/p293_383_mic2.wav
data/vctk_dev/wav/p293/p293_395_mic2.wav
