data/vctk_test/wav/p225/p225_029_mic2.wav
data/vctk_test/wav/p225/p225_030_mic2.wav
data/vctk_test/wav/p225/p225_040_mic2.wav
data/vctk_test/wav/p225/p225_046_mic2.wav
data/vctk_test/wav/p225/p225_062_mic2.wav
data/vctk_test/wav/p225/p225_065_mic2.wav
data/vctk_test/wav/p225/p225_081_mic2.wav
data/vctk_test/wav/p225/p225_116_mic2.wav
data/vctk_test/wav/p225/p225_118_mic2.wav
data/vctk_test/wav/p225/p225_143_mic2.wav
data/vctk_test/wav/p225/p225_157_mic2.wav
data/vctk_test/wav/p225/p225_191_mic2.wav
data/vctk_test/wav/p225/p225_211_mic2.wav
data/vctk_test/wav/p225/p225_221_mic2.wav
data/vctk_test/wav/p225/p225_244_mic2.wav
data/vctk_test/wav/p225/p225_289_mic2.wav
data/vctk_test/wav/p225/p225_300_mic2.wav
data/vctk_test/wav/p225/p225_302_mic2.wav
data/vctk_test/wav/p225/p225_318_mic2.wav
data/vctk_test/wav/p225/p225_332_mic2.wav
data/vctk_test/wav/p226/p226_044_mic2.wav
data/vctk_test/wav/p226/p226_056_mic2.wav
data/vctk_test/wav/p226/p226_094_mic2.wav
data/vctk_test/wav/p226/p226_095_mic2.wav
data/vctk_test/wav/p226/p226_114_mic2.wav
data/vctk_test/wav/p226/p226_115_mic2.wav
data/vctk_test/wav/p226/p226_124_mic2.wav
data/vctk_test/wav/p226/p226_169_mic2.wav
data/vctk_test/wav/p226/p226_184_mic2.wav
data/vctk_test/wav/p226/p226_194_mic2.wav
data/vctk_test/wav/p226/p226_269_mic2.wav
data/vctk_test/wav/p226/p226_304_mic2.wav
data/vctk_test/wav/p226/p226_317_mic2.wav
data/vctk_test/wav/p226/p226_333_mic2.wav
data/vctk_test/wav/p226/p226_345_mic2.wav
data/vctk_test/wav/p226/p226_346_mic2.wav
data/vctk_test/wav/p226/p226_349_mic2.wav
data/vctk_test/wav/p226/p226_351_mic2.wav
data/vctk_test/wav/p226/p226_361_mic2.wav
data/vctk_test/wav/p226/p226_366_mic2.wav
data/vctk_test/wav/p227/p227_052_mic2.wav
data/vctk_test/wav/p227/p227_056_mic2.wav
data/vctk_test/wav/p227/p227_077_mic2.wav
data/vctk_test/wav/p227/p227_099_mic2.wav
data/vctk_test/wav/p227/p227_112_mic2.wav
data/vctk_test/wav/p227/p227_130_mic2.wav
data/vctk_test/wav/p227/p227_145_mic2.wav
data/vctk_test/wav/p227/p227_158_mic2.wav
data/vctk_test/wav/p227/p227_172_mic2.wav
data/vctk_test/wav/p227/p227_194_mic2.wav
data/vctk_test/wav/p227/p227_209_mic2.wav
data/vctk_test/wav/p227/p227_260_mic2.wav
data/vctk_test/wav/p227/p227_271_mic2.wav
data/vctk_test/wav/p227/p227_285_mic2.wav
data/vctk_test/wav/p227/p227_290_mic2.wav
data/vctk_test/wav/p227/p227_312_mic2.wav
data/vctk_test/wav/p227/p227_329_mic2.wav
data/vctk_test/wav/p227/p227_367_mic2.wav
data/vctk_test/wav/p227/p227_378_mic2.wav
data/vctk_test/wav/p227/p227_399_mic2.wav
data/vctk_test/wav/p228/p228_027_mic2.wav
data/vctk_test/wav/p228/p228_044_mic2.wav
data/vctk_test/wav/p228/p228_082_mic2.wav
data/vctk_test/wav/p228/p228_094_mic2.wav
data/vctk_test/wav/p228/p228_118_mic2.wav
data/vctk_test/wav/p228/p228_135_mic2.wav
data/vctk_test/wav/p228/p228_148_mic2.wav
data/vctk_test/wav/p228/p228_150_mic2.wav
data/vctk_test/wav/p228/p228_155_mic2.wav
data/vctk_test/wav/p228/p228_164_mic2.wav
data/vctk_test/wav/p228/p228_168_mic2.wav
data/vctk_test/wav/p228/p228_180_mic2.wav
data/vctk_test/wav/p228/p228_183_mic2.wav
data/vctk_test/wav/p228/p228_200_mic2.wav
data/vctk_test/wav/p228/p228_202_mic2.wav
data/vctk_test/wav/p228/p228_213_mic2.wav
data/vctk_test/wav/p228/p228_250_mic2.wav
data/vctk_test/wav/p228/p228_287_mic2.wav
data/vctk_test/wav/p228/p228_330_mic2.wav
data/vctk_test/wav/p228/p228_356_mic2.wav
data/vctk_test/wav/p229/p229_047_mic2.wav
data/vctk_test/wav/p229/p229_065_mic2.wav
data/vctk_test/wav/p229/p229_073_mic2.wav
data/vctk_test/wav/p229/p229_075_mic2.wav
data/vctk_test/wav/p229/p229_094_mic2.wav
data/vctk_test/wav/p229/p229_111_mic2.wav
data/vctk_test/wav/p229/p229_197_mic2.wav
data/vctk_test/wav/p229/p229_209_mic2.wav
data/vctk_test/wav/p229/p229_237_mic2.wav
data/vctk_test/wav/p229/p229_264_mic2.wav
data/vctk_test/wav/p229/p229_273_mic2.wav
data/vctk_test/wav/p229/p229_286_mic2.wav
data/vctk_test/wav/p229/p229_316_mic2.wav
data/vctk_test/wav/p229/p229_323_mic2.wav
data/vctk_test/wav/p229/p229_348_mic2.wav
data/vctk_test/wav/p229/p229_356_mic2.wav
data/vctk_test/wav/p229/p229_365_mic2.wav
data/vctk_test/wav/p229/p229_371_mic2.wav
data/vctk_test/wav/p229/p229_374_mic2.wav
data/vctk_test/wav/p229/p229_384_mic2.wav
data/vctk_test/wav/p230/p230_029_mic2.wav
data/vctk_test/wav/p230/p230_045_mic2.wav
data/vctk_test/wav/p230/p230_051_mic2.wav
data/vctk_test/wav/p230/p230_074_mic2.wav
data/vctk_test/wav/p230/p230_079_mic2.wav
data/vctk_test/wav/p230/p230_085_mic2.wav
data/vctk_test/wav/p230/p230_119_mic2.wav
data/vctk_test/wav/p230/p230_138_mic2.wav
data/vctk_test/wav/p230/p230_146_mic2.wav
data/vctk_test/wav/p230/p230_166_mic2.wav
data/vctk_test/wav/p230/p230_180_mic2.wav
data/vctk_test/wav/p230/p230_190_mic2.wav
data/vctk_test/wav/p230/p230_191_mic2.wav
data/vctk_test/wav/p230/p230_219_mic2.wav
data/vctk_test/wav/p230/p230_248_mic2.wav
data/vctk_test/wav/p230/p230_308_mic2.wav
data/vctk_test/wav/p230/p230_309_mic2.wav
data/vctk_test/wav/p230/p230_327_mic2.wav
data/vctk_test/wav/p230/p230_361_mic2.wav
data/vctk_test/wav/p230/p230_381_mic2.wav
data/vctk_test/wav/p231/p231_029_mic2.wav
data/vctk_test/wav/p231/p231_076_mic2.wav
data/vctk_test/wav/p231/p231_136_mic2.wav
data/vctk_test/wav/p231/p231_174_mic2.wav
data/vctk_test/wav/p231/p231_208_mic2.wav
data/vctk_test/wav/p231/p231_209_mic2.wav
data/vctk_test/wav/p231/p231_213_mic2.wav
data/vctk_test/wav/p231/p231_228_mic2.wav
data/vctk_test/wav/p231/p231_242_mic2.wav
data/vctk_test/wav/p231/p231_251_mic2.wav
data/vctk_test/wav/p231/p231_254_mic2.wav
data/vctk_test/wav/p231/p231_266_mic2.wav
data/vctk_test/wav/p231/p231_294_mic2.wav
data/vctk_test/wav/p231/p231_295_mic2.wav
data/vctk_test/wav/p231/p231_354_mic2.wav
data/vctk_test/wav/p231/p231_387_mic2.wav
data/vctk_test/wav/p231/p231_416_mic2.wav
data/vctk_test/wav/p231/p231_442_mic2.wav
data/vctk_test/wav/p231/p231_448_mic2.wav
data/vctk_test/wav/p231/p231_476_mic2.wav
data/vctk_test/wav/p232/p232_038_mic2.wav
data/vctk_test/wav/p232/p232_041_mic2.wav
data/vctk_test/wav/p232/p232_059_mic2.wav
data/vctk_test/wav/p232/p232_071_mic2.wav
data/vctk_test/wav/p232/p232_081_mic2.wav
data/vctk_test/wav/p232/p232_109_mic2.wav
data/vctk_test/wav/p232/p232_133_mic2.wav
data/vctk_test/wav/p232/p232_138_mic2.wav
data/vctk_test/wav/p232/p232_180_mic2.wav
data/vctk_test/wav/p232/p232_184_mic2.wav
data/vctk_test/wav/p232/p232_196_mic2.wav
data/vctk_test/wav/p232/p232_234_mic2.wav
data/vctk_test/wav/p232/p232_251_mic2.wav
data/vctk_test/wav/p232/p232_258_mic2.wav
data/vctk_test/wav/p232/p232_284_mic2.wav
data/vctk_test/wav/p232/p232_321_mic2.wav
data/vctk_test/wav/p232/p232_339_mic2.wav
data/vctk_test/wav/p232/p232_357_mic2.wav
data/vctk_test/wav/p232/p232_381_mic2.wav
data/vctk_test/wav/p232/p232_399_mic2.wav
data/vctk_test/wav/p233/p233_042_mic2.wav
data/vctk_test/wav/p233/p233_065_mic2.wav
data/vctk_test/wav/p233/p233_072_mic2.wav
data/vctk_test/wav/p233/p233_096_mic2.wav
data/vctk_test/wav/p233/p233_100_mic2.wav
data/vctk_test/wav/p233/p233_120_mic2.wav
data/vctk_test/wav/p233/p233_128_mic2.wav
data/vctk_test/wav/p233/p233_134_mic2.wav
data/vctk_test/wav/p233/p233_161_mic2.wav
data/vctk_test/wav/p233/p233_165_mic2.wav
data/vctk_test/wav/p233/p233_170_mic2.wav
data/vctk_test/wav/p233/p233_178_mic2.wav
data/vctk_test/wav/p233/p233_196_mic2.wav
data/vctk_test/wav/p233/p233_248_mic2.wav
data/vctk_test/wav/p233/p233_255_mic2.wav
data/vctk_test/wav/p233/p233_262_mic2.wav
data/vctk_test/wav/p233/p233_315_mic2.wav
data/vctk_test/wav/p233/p233_332_mic2.wav
data/vctk_test/wav/p233/p233_336_mic2.wav
data/vctk_test/wav/p233/p233_381_mic2.wav
data/vctk_test/wav/p236/p236_026_mic2.wav
data/vctk_test/wav/p236/p236_070_mic2.wav
data/vctk_test/wav/p236/p236_097_mic2.wav
data/vctk_test/wav/p236/p236_138_mic2.wav
data/vctk_test/wav/p236/p236_183_mic2.wav
data/vctk_test/wav/p236/p236_186_mic2.wav
data/vctk_test/wav/p236/p236_302_mic2.wav
data/vctk_test/wav/p236/p236_312_mic2.wav
data/vctk_test/wav/p236/p236_330_mic2.wav
data/vctk_test/wav/p236/p236_340_mic2.wav
data/vctk_test/wav/p236/p236_342_mic2.wav
data/vctk_test/wav/p236/p236_355_mic2.wav
data/vctk_test/wav/p236/p236_374_mic2.wav
data/vctk_test/wav/p236/p236_375_mic2.wav
data/vctk_test/wav/p236/p236_383_mic2.wav
data/vctk_test/wav/p236/p236_405_mic2.wav
data/vctk_test/wav/p236/p236_411_mic2.wav
data/vctk_test/wav/p236/p236_450_mic2.wav
data/vctk_test/wav/p236/p236_463_mic2.wav
data/vctk_test/wav/p236/p236_488_mic2.wav
data/vctk_test/wav/p239/p239_025_mic2.wav
data/vctk_test/wav/p239/p239_060_mic2.wav
data/vctk_test/wav/p239/p239_075_mic2.wav
data/vctk_test/wav/p239/p239_100_mic2.wav
data/vctk_test/wav/p239/p239_157_mic2.wav
data/vctk_test/wav/p239/p239_172_mic2.wav
data/vctk_test/wav/p239/p239_173_mic2.wav
data/vctk_test/wav/p239/p239_221_mic2.wav
data/vctk_test/wav/p239/p239_225_mic2.wav
data/vctk_test/wav/p239/p239_231_mic2.wav
data/vctk_test/wav/p239/p239_247_mic2.wav
data/vctk_test/wav/p239/p239_249_mic2.wav
data/vctk_test/wav/p239/p239_268_mic2.wav
data/vctk_test/wav/p239/p239_289_mic2.wav
data/vctk_test/wav/p239/p239_325_mic2.wav
data/vctk_test/wav/p239/p239_343_mic2.wav
data/vctk_test/wav/p239/p239_378_mic2.wav
data/vctk_test/wav/p239/p239_436_mic2.wav
data/vctk_test/wav/p239/p239_440_mic2.wav
data/vctk_test/wav/p239/p239_468_mic2.wav
data/vctk_test/wav/p240/p240_048_mic2.wav
data/vctk_test/wav/p240/p240_049_mic2.wav
data/vctk_test/wav/p240/p240_060_mic2.wav
data/vctk_test/wav/p240/p240_072_mic2.wav
data/vctk_test/wav/p240/p240_073_mic2.wav
data/vctk_test/wav/p240/p240_090_mic2.wav
data/vctk_test/wav/p240/p240_102_mic2.wav
data/vctk_test/wav/p240/p240_107_mic2.wav
data/vctk_test/wav/p240/p240_123_mic2.wav
data/vctk_test/wav/p240/p240_188_mic2.wav
data/vctk_test/wav/p240/p240_237_mic2.wav
data/vctk_test/wav/p240/p240_253_mic2.wav
data/vctk_test/wav/p240/p240_277_mic2.wav
data/vctk_test/wav/p240/p240_294_mic2.wav
data/vctk_test/wav/p240/p240_302_mic2.wav
data/vctk_test/wav/p240/p240_330_mic2.wav
data/vctk_test/wav/p240/p240_332_mic2.wav
data/vctk_test/wav/p240/p240_337_mic2.wav
data/vctk_test/wav/p240/p240_343_mic2.wav
data/vctk_test/wav/p240/p240_370_mic2.wav
data/vctk_test/wav/p243/p243_031_mic2.wav
data/vctk_test/wav/p243/p243_039_mic2.wav
data/vctk_test/wav/p243/p243_062_mic2.wav
data/vctk_test/wav/p243/p243_083_mic2.wav
data/vctk_test/wav/p243/p243_114_mic2.wav
data/vctk_test/wav/p243/p243_118_mic2.wav
data/vctk_test/wav/p243/p243_145_mic2.wav
data/vctk_test/wav/p243/p243_158_mic2.wav
data/vctk_test/wav/p243/p243_161_mic2.wav
data/vctk_test/wav/p243/p243_173_mic2.wav
data/vctk_test/wav/p243/p243_181_mic2.wav
data/vctk_test/wav/p243/p243_184_mic2.wav
data/vctk_test/wav/p243/p243_207_mic2.wav
data/vctk_test/wav/p243/p243_214_mic2.wav
data/vctk_test/wav/p243/p243_244_mic2.wav
data/vctk_test/wav/p243/p243_287_mic2.wav
data/vctk_test/wav/p243/p243_291_mic2.wav
data/vctk_test/wav/p243/p243_313_mic2.wav
data/vctk_test/wav/p243/p243_320_mic2.wav
data/vctk_test/wav/p243/p243_372_mic2.wav
data/vctk_test/wav/p244/p244_101_mic2.wav
data/vctk_test/wav/p244/p244_119_mic2.wav
data/vctk_test/wav/p244/p244_130_mic2.wav
data/vctk_test/wav/p244/p244_132_mic2.wav
data/vctk_test/wav/p244/p244_134_mic2.wav
data/vctk_test/wav/p244/p244_171_mic2.wav
data/vctk_test/wav/p244/p244_173_mic2.wav
data/vctk_test/wav/p244/p244_174_mic2.wav
data/vctk_test/wav/p244/p244_231_mic2.wav
data/vctk_test/wav/p244/p244_241_mic2.wav
data/vctk_test/wav/p244/p244_256_mic2.wav
data/vctk_test/wav/p244/p244_295_mic2.wav
data/vctk_test/wav/p244/p244_321_mic2.wav
data/vctk_test/wav/p244/p244_330_mic2.wav
data/vctk_test/wav/p244/p244_331_mic2.wav
data/vctk_test/wav/p244/p244_382_mic2.wav
data/vctk_test/wav/p244/p244_388_mic2.wav
data/vctk_test/wav/p244/p244_411_mic2.wav
data/vctk_test/wav/p244/p244_413_mic2.wav
data/vctk_test/wav/p244/p244_424_mic2.wav
data/vctk_test/wav/p250/p250_050_mic2.wav
data/vctk_test/wav/p250/p250_058_mic2.wav
data/vctk_test/wav/p250/p250_061_mic2.wav
data/vctk_test/wav/p250/p250_095_mic2.wav
data/vctk_test/wav/p250/p250_113_mic2.wav
data/vctk_test/wav/p250/p250_137_mic2.wav
data/vctk_test/wav/p250/p250_143_mic2.wav
data/vctk_test/wav/p250/p250_162_mic2.wav
data/vctk_test/wav/p250/p250_196_mic2.wav
data/vctk_test/wav/p250/p250_199_mic2.wav
data/vctk_test/wav/p250/p250_206_mic2.wav
data/vctk_test/wav/p250/p250_317_mic2.wav
data/vctk_test/wav/p250/p250_352_mic2.wav
data/vctk_test/wav/p250/p250_419_mic2.wav
data/vctk_test/wav/p250/p250_457_mic2.wav
data/vctk_test/wav/p250/p250_464_mic2.wav
data/vctk_test/wav/p250/p250_469_mic2.wav
data/vctk_test/wav/p250/p250_476_mic2.wav
data/vctk_test/wav/p250/p250_486_mic2.wav
data/vctk_test/wav/p250/p250_489_mic2.wav
data/vctk_test/wav/p254/p254_037_mic2.wav
data/vctk_test/wav/p254/p254_050_mic2.wav
data/vctk_test/wav/p254/p254_064_mic2.wav
data/vctk_test/wav/p254/p254_109_mic2.wav
data/vctk_test/wav/p254/p254_122_mic2.wav
data/vctk_test/wav/p254/p254_130_mic2.wav
data/vctk_test/wav/p254/p254_132_mic2.wav
data/vctk_test/wav/p254/p254_144_mic2.wav
data/vctk_test/wav/p254/p254_171_mic2.wav
data/vctk_test/wav/p254/p254_195_mic2.wav
data/vctk_test/wav/p254/p254_198_mic2.wav
data/vctk_test/wav/p254/p254_234_mic2.wav
data/vctk_test/wav/p254/p254_245_mic2.wav
data/vctk_test/wav/p254/p254_249_mic2.wav
data/vctk_test/wav/p254/p254_251_mic2.wav
data/vctk_test/wav/p254/p254_255_mic2.wav
data/vctk_test/wav/p254/p254_267_mic2.wav
data/vctk_test/wav/p254/p254_382_mic2.wav
data/vctk_test/wav/p254/p254_393_mic2.wav
data/vctk_test/wav/p254/p254_394_mic2.wav
data/vctk_test/wav/p256/p256_033_mic2.wav
data/vctk_test/wav/p256/p256_037_mic2.wav
data/vctk_test/wav/p256/p256_043_mic2.wav
data/vctk_test/wav/p256/p256_063_mic2.wav
data/vctk_test/wav/p256/p256_081_mic2.wav
data/vctk_test/wav/p256/p256_091_mic2.wav
data/vctk_test/wav/p256/p256_098_mic2.wav
data/vctk_test/wav/p256/p256_124_mic2.wav
data/vctk_test/wav/p256/p256_127_mic2.wav
data/vctk_test/wav/p256/p256_136_mic2.wav
data/vctk_test/wav/p256/p256_142_mic2.wav
data/vctk_test/wav/p256/p256_146_mic2.wav
data/vctk_test/wav/p256/p256_179_mic2.wav
data/vctk_test/wav/p256/p256_186_mic2.wav
data/vctk_test/wav/p256/p256_200_mic2.wav
data/vctk_test/wav/p256/p256_268_mic2.wav
data/vctk_test/wav/p256/p256_284_mic2.wav
data/vctk_test/wav/p256/p256_307_mic2.wav
data/vctk_test/wav/p256/p256_311_mic2.wav
data/vctk_test/wav/p256/p256_312_mic2.wav
data/vctk_test/wav/p257/p257_049_mic2.wav
data/vctk_test/wav/p257/p257_073_mic2.wav
data/vctk_test/wav/p257/p257_119_mic2.wav
data/vctk_test/wav/p257/p257_120_mic2.wav
data/vctk_test/wav/p257/p257_129_mic2.wav
data/vctk_test/wav/p257/p257_139_mic2.wav
data/vctk_test/wav/p257/p257_157_mic2.wav
data/vctk_test/wav/p257/p257_197_mic2.wav
data/vctk_test/wav/p257/p257_204_mic2.wav
data/vctk_test/wav/p257/p257_210_mic2.wav
data/vctk_test/wav/p257/p257_220_mic2.wav
data/vctk_test/wav/p257/p257_226_mic2.wav
data/vctk_test/wav/p257/p257_230_mic2.wav
data/vctk_test/wav/p257/p257_259_mic2.wav
data/vctk_test/wav/p257/p257_270_mic2.wav
data/vctk_test/wav/p257/p257_281_mic2.wav
data/vctk_test/wav/p257/p257_307_mic2.wav
data/vctk_test/wav/p257/p257_309_mic2.wav
data/vctk_test/wav/p257/p257_369_mic2.wav
data/vctk_test/wav/p257/p257_409_mic2.wav
data/vctk_test/wav/p258/p258_036_mic2.wav
data/vctk_test/wav/p258/p258_048_mic2.wav
data/vctk_test/wav/p258/p258_049_mic2.wav
data/vctk_test/wav/p258/p258_054_mic2.wav
data/vctk_test/wav/p258/p258_060_mic2.wav
data/vctk_test/wav/p258/p258_069_mic2.wav
data/vctk_test/wav/p258/p258_088_mic2.wav
data/vctk_test/wav/p258/p258_091_mic2.wav
data/vctk_test/wav/p258/p258_136_mic2.wav
data/vctk_test/wav/p258/p258_143_mic2.wav
data/vctk_test/wav/p258/p258_153_mic2.wav
data/vctk_test/wav/p258/p258_164_mic2.wav
data/vctk_test/wav/p258/p258_180_mic2.wav
data/vctk_test/wav/p258/p258_190_mic2.wav
data/vctk_test/wav/p258/p258_198_mic2.wav
data/vctk_test/wav/p258/p258_308_mic2.wav
data/vctk_test/wav/p258/p258_315_mic2.wav
data/vctk_test/wav/p258/p258_363_mic2.wav
data/vctk_test/wav/p258/p258_366_mic2.wav
data/vctk_test/wav/p258/p258_407_mic2.wav
data/vctk_test/wav/p259/p259_032_mic2.wav
data/vctk_test/wav/p259/p259_057_mic2.wav
data/vctk_test/wav/p259/p259_061_mic2.wav
data/vctk_test/wav/p259/p259_079_mic2.wav
data/vctk_test/wav/p259/p259_149_mic2.wav
data/vctk_test/wav/p259/p259_191_mic2.wav
data/vctk_test/wav/p259/p259_199_mic2.wav
data/vctk_test/wav/p259/p259_205_mic2.wav
data/vctk_test/wav/p259/p259_218_mic2.wav
data/vctk_test/wav/p259/p259_277_mic2.wav
data/vctk_test/wav/p259/p259_279_mic2.wav
data/vctk_test/wav/p259/p259_308_mic2.wav
data/vctk_test/wav/p259/p259_323_mic2.wav
data/vctk_test/wav/p259/p259_338_mic2.wav
data/vctk_test/wav/p259/p259_367_mic2.wav
data/vctk_test/wav/p259/p259_388_mic2.wav
data/vctk_test/wav/p259/p259_402_mic2.wav
data/vctk_test/wav/p259/p259_423_mic2.wav
data/vctk_test/wav/p259/p259_473_mic2.wav
data/vctk_test/wav/p259/p259_478_mic2.wav
data/vctk_test/wav/p267/p267_048_mic2.wav
data/vctk_test/wav/p267/p267_059_mic2.wav
data/vctk_test/wav/p267/p267_076_mic2.wav
data/vctk_test/wav/p267/p267_077_mic2.wav
data/vctk_test/wav/p267/p267_081_mic2.wav
data/vctk_test/wav/p267/p267_091_mic2.wav
data/vctk_test/wav/p267/p267_109_mic2.wav
data/vctk_test/wav/p267/p267_144_mic2.wav
data/vctk_test/wav/p267/p267_156_mic2.wav
data/vctk_test/wav/p267/p267_163_mic2.wav
data/vctk_test/wav/p267/p267_195_mic2.wav
data/vctk_test/wav/p267/p267_214_mic2.wav
data/vctk_test/wav/p267/p267_225_mic2.wav
data/vctk_test/wav/p267/p267_275_mic2.wav
data/vctk_test/wav/p267/p267_283_mic2.wav
data/vctk_test/wav/p267/p267_301_mic2.wav
data/vctk_test/wav/p267/p267_314_mic2.wav
data/vctk_test/wav/p267/p267_321_mic2.wav
data/vctk_test/wav/p267/p267_362_mic2.wav
data/vctk_test/wav/p267/p267_391_mic2.wav
data/vctk_test/wav/p268/p268_059_mic2.wav
data/vctk_test/wav/p268/p268_061_mic2.wav
data/vctk_test/wav/p268/p268_068_mic2.wav
data/vctk_test/wav/p268/p268_078_mic2.wav
data/vctk_test/wav/p268/p268_087_mic2.wav
data/vctk_test/wav/p268/p268_121_mic2.wav
data/vctk_test/wav/p268/p268_139_mic2.wav
data/vctk_test/wav/p268/p268_155_mic2.wav
data/vctk_test/wav/p268/p268_183_mic2.wav
data/vctk_test/wav/p268/p268_195_mic2.wav
data/vctk_test/wav/p268/p268_207_mic2.wav
data/vctk_test/wav/p268/p268_220_mic2.wav
data/vctk_test/wav/p268/p268_230_mic2.wav
data/vctk_test/wav/p268/p268_242_mic2.wav
data/vctk_test/wav/p268/p268_243_mic2.wav
data/vctk_test/wav/p268/p268_250_mic2.wav
data/vctk_test/wav/p268/p268_263_mic2.wav
data/vctk_test/wav/p268/p268_271_mic2.wav
data/vctk_test/wav/p268/p268_296_mic2.wav
data/vctk_test/wav/p268/p268_384_mic2.wav
data/vctk_test/wav/p269/p269_025_mic2.wav
data/vctk_test/wav/p269/p269_037_mic2.wav
data/vctk_test/wav/p269/p269_042_mic2.wav
data/vctk_test/wav/p269/p269_059_mic2.wav
data/vctk_test/wav/p269/p269_061_mic2.wav
data/vctk_test/wav/p269/p269_106_mic2.wav
data/vctk_test/wav/p269/p269_135_mic2.wav
data/vctk_test/wav/p269/p269_143_mic2.wav
data/vctk_test/wav/p269/p269_157_mic2.wav
data/vctk_test/wav/p269/p269_169_mic2.wav
data/vctk_test/wav/p269/p269_193_mic2.wav
data/vctk_test/wav/p269/p269_239_mic2.wav
data/vctk_test/wav/p269/p269_263_mic2.wav
data/vctk_test/wav/p269/p269_270_mic2.wav
data/vctk_test/wav/p269/p269_281_mic2.wav
data/vctk_test/wav/p269/p269_297_mic2.wav
data/vctk_test/wav/p269/p269_325_mic2.wav
data/vctk_test/wav/p269/p269_349_mic2.wav
data/vctk_test/wav/p269/p269_370_mic2.wav
data/vctk_test/wav/p269/p269_393_mic2.wav
data/vctk_test/wav/p270/p270_046_mic2.wav
data/vctk_test/wav/p270/p270_066_mic2.wav
data/vctk_test/wav/p270/p270_074_mic2.wav
data/vctk_test/wav/p270/p270_142_mic2.wav
data/vctk_test/wav/p270/p270_143_mic2.wav
data/vctk_test/wav/p270/p270_205_mic2.wav
data/vctk_test/wav/p270/p270_207_mic2.wav
data/vctk_test/wav/p270/p270_210_mic2.wav
data/vctk_test/wav/p270/p270_249_mic2.wav
data/vctk_test/wav/p270/p270_330_mic2.wav
data/vctk_test/wav/p270/p270_333_mic2.wav
data/vctk_test/wav/p270/p270_344_mic2.wav
data/vctk_test/wav/p270/p270_348_mic2.wav
data/vctk_test/wav/p270/p270_357_mic2.wav
data/vctk_test/wav/p270/p270_423_mic2.wav
data/vctk_test/wav/p270/p270_432_mic2.wav
data/vctk_test/wav/p270/p270_446_mic2.wav
data/vctk_test/wav/p270/p270_451_mic2.wav
data/vctk_test/wav/p270/p270_457_mic2.wav
data/vctk_test/wav/p270/p270_458_mic2.wav
data/vctk_test/wav/p273/p273_025_mic2.wav
data/vctk_test/wav/p273/p273_038_mic2.wav
data/vctk_test/wav/p273/p273_062_mic2.wav
data/vctk_test/wav/p273/p273_093_mic2.wav
data/vctk_test/wav/p273/p273_115_mic2.wav
data/vctk_test/wav/p273/p273_174_mic2.wav
data/vctk_test/wav/p273/p273_187_mic2.wav
data/vctk_test/wav/p273/p273_197_mic2.wav
data/vctk_test/wav/p273/p273_213_mic2.wav
data/vctk_test/wav/p273/p273_277_mic2.wav
data/vctk_test/wav/p273/p273_279_mic2.wav
data/vctk_test/wav/p273/p273_287_mic2.wav
data/vctk_test/wav/p273/p273_295_mic2.wav
data/vctk_test/wav/p273/p273_303_mic2.wav
data/vctk_test/wav/p273/p273_338_mic2.wav
data/vctk_test/wav/p273/p273_344_mic2.wav
data/vctk_test/wav/p273/p273_384_mic2.wav
data/vctk_test/wav/p273/p273_416_mic2.wav
data/vctk_test/wav/p273/p273_425_mic2.wav
data/vctk_test/wav/p273/p273_431_mic2.wav
data/vctk_test/wav/p274/p274_040_mic2.wav
data/vctk_test/wav/p274/p274_067_mic2.wav
data/vctk_test/wav/p274/p274_073_mic2.wav
data/vctk_test/wav/p274/p274_088_mic2.wav
data/vctk_test/wav/p274/p274_093_mic2.wav
data/vctk_test/wav/p274/p274_104_mic2.wav
data/vctk_test/wav/p274/p274_107_mic2.wav
data/vctk_test/wav/p274/p274_111_mic2.wav
data/vctk_test/wav/p274/p274_151_mic2.wav
data/vctk_test/wav/p274/p274_204_mic2.wav
data/vctk_test/wav/p274/p274_268_mic2.wav
data/vctk_test/wav/p274/p274_269_mic2.wav
data/vctk_test/wav/p274/p274_273_mic2.wav
data/vctk_test/wav/p274/p274_280_mic2.wav
data/vctk_test/wav/p274/p274_287_mic2.wav
data/vctk_test/wav/p274/p274_303_mic2.wav
data/vctk_test/wav/p274/p274_308_mic2.wav
data/vctk_test/wav/p274/p274_345_mic2.wav
data/vctk_test/wav/p274/p274_357_mic2.wav
data/vctk_test/wav/p274/p274_459_mic2.wav
data/vctk_test/wav/p278/p278_059_mic2.wav
data/vctk_test/wav/p278/p278_107_mic2.wav
data/vctk_test/wav/p278/p278_113_mic2.wav
data/vctk_test/wav/p278/p278_129_mic2.wav
data/vctk_test/wav/p278/p278_144_mic2.wav
data/vctk_test/wav/p278/p278_156_mic2.wav
data/vctk_test/wav/p278/p278_172_mic2.wav
data/vctk_test/wav/p278/p278_174_mic2.wav
data/vctk_test/wav/p278/p278_206_mic2.wav
data/vctk_test/wav/p278/p278_215_mic2.wav
data/vctk_test/wav/p278/p278_226_mic2.wav
data/vctk_test/wav/p278/p278_241_mic2.wav
data/vctk_test/wav/p278/p278_255_mic2.wav
data/vctk_test/wav/p278/p278_319_mic2.wav
data/vctk_test/wav/p278/p278_326_mic2.wav
data/vctk_test/wav/p278/p278_343_mic2.wav
data/vctk_test/wav/p278/p278_344_mic2.wav
data/vctk_test/wav/p278/p278_346_mic2.wav
data/vctk_test/wav/p278/p278_362_mic2.wav
data/vctk_test/wav/p278/p278_365_mic2.wav
data/vctk_test/wav/p279/p279_034_mic2.wav
data/vctk_test/wav/p279/p279_080_mic2.wav
data/vctk_test/wav/p279/p279_082_mic2.wav
data/vctk_test/wav/p279/p279_104_mic2.wav
data/vctk_test/wav/p279/p279_127_mic2.wav
data/vctk_test/wav/p279/p279_141_mic2.wav
data/vctk_test/wav/p279/p279_164_mic2.wav
data/vctk_test/wav/p279/p279_165_mic2.wav
data/vctk_test/wav/p279/p279_166_mic2.wav
data/vctk_test/wav/p279/p279_180_mic2.wav
data/vctk_test/wav/p279/p279_232_mic2.wav
data/vctk_test/wav/p279/p279_242_mic2.wav
data/vctk_test/wav/p279/p279_249_mic2.wav
data/vctk_test/wav/p279/p279_258_mic2.wav
data/vctk_test/wav/p279/p279_279_mic2.wav
data/vctk_test/wav/p279/p279_328_mic2.wav
data/vctk_test/wav/p279/p279_332_mic2.wav
data/vctk_test/wav/p279/p279_346_mic2.wav
data/vctk_test/wav/p279/p279_374_mic2.wav
data/vctk_test/wav/p279/p279_395_mic2.wav
data/vctk_test/wav/p286/p286_025_mic2.wav
data/vctk_test/wav/p286/p286_049_mic2.wav
data/vctk_test/wav/p286/p286_050_mic2.wav
data/vctk_test/wav/p286/p286_092_mic2.wav
data/vctk_test/wav/p286/p286_104_mic2.wav
data/vctk_test/wav/p286/p286_133_mic2.wav
data/vctk_test/wav/p286/p286_168_mic2.wav
data/vctk_test/wav/p286/p286_180_mic2.wav
data/vctk_test/wav/p286/p286_227_mic2.wav
data/vctk_test/wav/p286/p286_231_mic2.wav
data/vctk_test/wav/p286/p286_260_mic2.wav
data/vctk_test/wav/p286/p286_337_mic2.wav
data/vctk_test/wav/p286/p286_351_mic2.wav
data/vctk_test/wav/p286/p286_366_mic2.wav
data/vctk_test/wav/p286/p286_397_mic2.wav
data/vctk_test/wav/p286/p286_411_mic2.wav
data/vctk_test/wav/p286/p286_416_mic2.wav
data/vctk_test/wav/p286/p286_437_mic2.wav
data/vctk_test/wav/p286/p286_459_mic2.wav
data/vctk_test/wav/p286/p286_468_mic2.wav
data/vctk_test/wav/p287/p287_053_mic2.wav
data/vctk_test/wav/p287/p287_072_mic2.wav
data/vctk_test/wav/p287/p287_094_mic2.wav
data/vctk_test/wav/p287/p287_128_mic2.wav
data/vctk_test/wav/p287/p287_187_mic2.wav
data/vctk_test/wav/p287/p287_199_mic2.wav
data/vctk_test/wav/p287/p287_204_mic2.wav
data/vctk_test/wav/p287/p287_205_mic2.wav
data/vctk_test/wav/p287/p287_239_mic2.wav
data/vctk_test/wav/p287/p287_243_mic2.wav
data/vctk_test/wav/p287/p287_262_mic2.wav
data/vctk_test/wav/p287/p287_264_mic2.wav
data/vctk_test/wav/p287/p287_281_mic2.wav
data/vctk_test/wav/p287/p287_290_mic2.wav
data/vctk_test/wav/p287/p287_295_mic2.wav
data/vctk_test/wav/p287/p287_316_mic2.wav
data/vctk_test/wav/p287/p287_336_mic2.wav
data/vctk_test/wav/p287/p287_384_mic2.wav
data/vctk_test/wav/p287/p287_388_mic2.wav
data/vctk_test/wav/p287/p287_422_mic2.wav
