data/aishell3/wav16k_norm_enroll/SSB06930023.wav
data/aishell3/wav16k_norm_enroll/SSB06930439.wav
data/aishell3/wav16k_norm_enroll/SSB07020198.wav
data/aishell3/wav16k_norm_enroll/SSB07020237.wav
data/aishell3/wav16k_norm_enroll/SSB07110008.wav
data/aishell3/wav16k_norm_enroll/SSB07110192.wav
data/aishell3/wav16k_norm_enroll/SSB07160057.wav
data/aishell3/wav16k_norm_enroll/SSB07160095.wav
data/aishell3/wav16k_norm_enroll/SSB07170013.wav
data/aishell3/wav16k_norm_enroll/SSB07170273.wav
data/aishell3/wav16k_norm_enroll/SSB07360126.wav
data/aishell3/wav16k_norm_enroll/SSB07360468.wav
data/aishell3/wav16k_norm_enroll/SSB07490036.wav
data/aishell3/wav16k_norm_enroll/SSB07490099.wav
data/aishell3/wav16k_norm_enroll/SSB08090293.wav
data/aishell3/wav16k_norm_enroll/SSB08090384.wav
data/aishell3/wav16k_norm_enroll/SSB08220206.wav
data/aishell3/wav16k_norm_enroll/SSB08220277.wav
data/aishell3/wav16k_norm_enroll/SSB09930470.wav
data/aishell3/wav16k_norm_enroll/SSB09930492.wav
data/aishell3/wav16k_norm_enroll/SSB09970205.wav
data/aishell3/wav16k_norm_enroll/SSB09970503.wav
data/aishell3/wav16k_norm_enroll/SSB10000269.wav
data/aishell3/wav16k_norm_enroll/SSB10000365.wav
data/aishell3/wav16k_norm_enroll/SSB10010327.wav
data/aishell3/wav16k_norm_enroll/SSB10010370.wav
data/aishell3/wav16k_norm_enroll/SSB10020019.wav
data/aishell3/wav16k_norm_enroll/SSB10020043.wav
data/aishell3/wav16k_norm_enroll/SSB11100192.wav
data/aishell3/wav16k_norm_enroll/SSB11100270.wav
data/aishell3/wav16k_norm_enroll/SSB11260179.wav
data/aishell3/wav16k_norm_enroll/SSB11260397.wav
data/aishell3/wav16k_norm_enroll/SSB11350212.wav
data/aishell3/wav16k_norm_enroll/SSB11350473.wav
data/aishell3/wav16k_norm_enroll/SSB11760242.wav
data/aishell3/wav16k_norm_enroll/SSB11760448.wav
data/aishell3/wav16k_norm_enroll/SSB11870155.wav
data/aishell3/wav16k_norm_enroll/SSB11870194.wav
data/aishell3/wav16k_norm_enroll/SSB11970191.wav
data/aishell3/wav16k_norm_enroll/SSB11970420.wav
data/aishell3/wav16k_norm_enroll/SSB12150001.wav
data/aishell3/wav16k_norm_enroll/SSB12150175.wav
data/aishell3/wav16k_norm_enroll/SSB12160103.wav
data/aishell3/wav16k_norm_enroll/SSB12160268.wav
data/aishell3/wav16k_norm_enroll/SSB12190304.wav
data/aishell3/wav16k_norm_enroll/SSB12190407.wav
data/aishell3/wav16k_norm_enroll/SSB12390074.wav
data/aishell3/wav16k_norm_enroll/SSB12390087.wav
data/aishell3/wav16k_norm_enroll/SSB12740173.wav
data/aishell3/wav16k_norm_enroll/SSB12740289.wav
data/aishell3/wav16k_norm_enroll/SSB13020021.wav
data/aishell3/wav16k_norm_enroll/SSB13020298.wav
data/aishell3/wav16k_norm_enroll/SSB13220407.wav
data/aishell3/wav16k_norm_enroll/SSB13220413.wav
data/aishell3/wav16k_norm_enroll/SSB13280064.wav
data/aishell3/wav16k_norm_enroll/SSB13280259.wav
data/aishell3/wav16k_norm_enroll/SSB13400159.wav
data/aishell3/wav16k_norm_enroll/SSB13400395.wav
data/aishell3/wav16k_norm_enroll/SSB13650224.wav
data/aishell3/wav16k_norm_enroll/SSB13650390.wav
data/aishell3/wav16k_norm_enroll/SSB13820468.wav
data/aishell3/wav16k_norm_enroll/SSB13820469.wav
data/aishell3/wav16k_norm_enroll/SSB13990009.wav
data/aishell3/wav16k_norm_enroll/SSB13990270.wav
data/aishell3/wav16k_norm_enroll/SSB14020193.wav
data/aishell3/wav16k_norm_enroll/SSB14020422.wav
data/aishell3/wav16k_norm_enroll/SSB14520328.wav
data/aishell3/wav16k_norm_enroll/SSB14520346.wav
data/aishell3/wav16k_norm_enroll/SSB14570210.wav
data/aishell3/wav16k_norm_enroll/SSB14570217.wav
data/aishell3/wav16k_norm_enroll/SSB17280143.wav
data/aishell3/wav16k_norm_enroll/SSB17280369.wav
data/aishell3/wav16k_norm_enroll/SSB17390068.wav
data/aishell3/wav16k_norm_enroll/SSB17390445.wav
data/aishell3/wav16k_norm_enroll/SSB17450305.wav
data/aishell3/wav16k_norm_enroll/SSB17450414.wav
data/aishell3/wav16k_norm_enroll/SSB17810001.wav
data/aishell3/wav16k_norm_enroll/SSB17810501.wav
data/aishell3/wav16k_norm_enroll/SSB17820384.wav
data/aishell3/wav16k_norm_enroll/SSB17820464.wav
data/aishell3/wav16k_norm_enroll/SSB18090114.wav
data/aishell3/wav16k_norm_enroll/SSB18090201.wav
data/aishell3/wav16k_norm_enroll/SSB18100041.wav
data/aishell3/wav16k_norm_enroll/SSB18100304.wav
data/aishell3/wav16k_norm_enroll/SSB18720053.wav
data/aishell3/wav16k_norm_enroll/SSB18720055.wav
data/aishell3/wav16k_norm_enroll/SSB19020180.wav
data/aishell3/wav16k_norm_enroll/SSB19020470.wav
